请输入运动员信息：
各球员与进球数为：
梅西 7
姆巴佩 10
内马尔 9
C罗 5
凯恩 5
维尼修斯 6
球员姆巴佩进球最多为：10
